// Jest Snapshot v1, https://goo.gl/fbAQLP

exports[`Login renders without crashing 1`] = `
<div
  className="flexContainer"
  id="loginPrivateKey"
>
  <form
    onSubmit={[Function]}
  >
    <div
      className="centeredInput"
    >
      <PasswordInput
        autoFocus={true}
        onChange={[Function]}
        placeholder="Enter your private key here"
        value=""
      />
    </div>
    <div
      className="privateKeyLoginButtonRow"
    >
      <Button
        disabled={true}
        id="scan-private-key-qr-button"
        onClick={[Function]}
        primary={true}
        renderIcon={[Function]}
        shouldCenterButtonLabelText={false}
        type="button"
      >
        Scan QR
      </Button>
      <Button
        disabled={true}
        id="loginButton"
        primary={true}
        renderIcon={[Function]}
        shouldCenterButtonLabelText={false}
        type="submit"
      >
        Login
      </Button>
    </div>
  </form>
</div>
`;
